{
  "version": "1.5.0",
  "plugins_used": [
    {
      "name": "ArtifactoryDetector"
    },
    {
      "name": "AWSKeyDetector"
    },
    {
      "name": "AzureStorageKeyDetector"
    },
    {
      "name": "Base64HighEntropyString",
      "limit": 4.5
    },
    {
      "name": "BasicAuthDetector"
    },
    {
      "name": "CloudantDetector"
    },
    {
      "name": "DiscordBotTokenDetector"
    },
    {
      "name": "GitHubTokenDetector"
    },
    {
      "name": "GitLabTokenDetector"
    },
    {
      "name": "HexHighEntropyString",
      "limit": 3.0
    },
    {
      "name": "IbmCloudIamDetector"
    },
    {
      "name": "IbmCosHmacDetector"
    },
    {
      "name": "IPPublicDetector"
    },
    {
      "name": "JwtTokenDetector"
    },
    {
      "name": "KeywordDetector",
      "keyword_exclude": ""
    },
    {
      "name": "MailchimpDetector"
    },
    {
      "name": "NpmDetector"
    },
    {
      "name": "OpenAIDetector"
    },
    {
      "name": "PrivateKeyDetector"
    },
    {
      "name": "PypiTokenDetector"
    },
    {
      "name": "SendGridDetector"
    },
    {
      "name": "SlackDetector"
    },
    {
      "name": "SoftlayerDetector"
    },
    {
      "name": "SquareOAuthDetector"
    },
    {
      "name": "StripeDetector"
    },
    {
      "name": "TelegramBotTokenDetector"
    },
    {
      "name": "TwilioKeyDetector"
    }
  ],
  "filters_used": [
    {
      "path": "detect_secrets.filters.allowlist.is_line_allowlisted"
    },
    {
      "path": "detect_secrets.filters.common.is_baseline_file",
      "filename": ".secrets.baseline"
    },
    {
      "path": "detect_secrets.filters.heuristic.is_indirect_reference"
    },
    {
      "path": "detect_secrets.filters.heuristic.is_likely_id_string"
    },
    {
      "path": "detect_secrets.filters.heuristic.is_lock_file"
    },
    {
      "path": "detect_secrets.filters.heuristic.is_not_alphanumeric_string"
    },
    {
      "path": "detect_secrets.filters.heuristic.is_potential_uuid"
    },
    {
      "path": "detect_secrets.filters.heuristic.is_prefixed_with_dollar_sign"
    },
    {
      "path": "detect_secrets.filters.heuristic.is_sequential_string"
    },
    {
      "path": "detect_secrets.filters.heuristic.is_swagger_file"
    },
    {
      "path": "detect_secrets.filters.heuristic.is_templated_secret"
    }
  ],
  "results": {
    "deploy\\compose.env.example": [
      {
        "type": "Basic Auth Credentials",
        "filename": "deploy\\compose.env.example",
        "hashed_secret": "e40858e81f6130b22c15fb7ea3e88fcd7d49decb",
        "is_verified": false,
        "line_number": 8
      }
    ],
    "install.sh": [
      {
        "type": "Base64 High Entropy String",
        "filename": "install.sh",
        "hashed_secret": "799ec4628e66c976dd02ce9e76da110d02dab63d",
        "is_verified": false,
        "line_number": 157
      },
      {
        "type": "Basic Auth Credentials",
        "filename": "install.sh",
        "hashed_secret": "347cd9c53ff77d41a7b22aa56c7b4efaf54658e3",
        "is_verified": false,
        "line_number": 159
      }
    ],
    "npvt-link-extractor\\BNBN-1-2-3-4-extracted\\normalized.json": [
      {
        "type": "Secret Keyword",
        "filename": "npvt-link-extractor\\BNBN-1-2-3-4-extracted\\normalized.json",
        "hashed_secret": "94112c5fada7503346df418263601cec60b86a07",
        "is_verified": false,
        "line_number": 8
      },
      {
        "type": "Secret Keyword",
        "filename": "npvt-link-extractor\\BNBN-1-2-3-4-extracted\\normalized.json",
        "hashed_secret": "3ea0265df72d8bd5a5fb857868b795dfc371a8be",
        "is_verified": false,
        "line_number": 30
      }
    ],
    "npvt-link-extractor\\JKJK-1-2-3-4-extracted\\normalized.json": [
      {
        "type": "Secret Keyword",
        "filename": "npvt-link-extractor\\JKJK-1-2-3-4-extracted\\normalized.json",
        "hashed_secret": "94112c5fada7503346df418263601cec60b86a07",
        "is_verified": false,
        "line_number": 8
      },
      {
        "type": "Secret Keyword",
        "filename": "npvt-link-extractor\\JKJK-1-2-3-4-extracted\\normalized.json",
        "hashed_secret": "3ea0265df72d8bd5a5fb857868b795dfc371a8be",
        "is_verified": false,
        "line_number": 52
      }
    ],
    "pantegnos\\output\\JKJK-1-2-3-4.txt": [
      {
        "type": "Secret Keyword",
        "filename": "pantegnos\\output\\JKJK-1-2-3-4.txt",
        "hashed_secret": "94112c5fada7503346df418263601cec60b86a07",
        "is_verified": false,
        "line_number": 15
      },
      {
        "type": "Secret Keyword",
        "filename": "pantegnos\\output\\JKJK-1-2-3-4.txt",
        "hashed_secret": "3ea0265df72d8bd5a5fb857868b795dfc371a8be",
        "is_verified": false,
        "line_number": 89
      }
    ],
    "tests\\e2e\\test_text_ingestion_restart.py": [
      {
        "type": "Secret Keyword",
        "filename": "tests\\e2e\\test_text_ingestion_restart.py",
        "hashed_secret": "f914ab8bcf6fe9b3481b455157f1e80c3adf1ae7",
        "is_verified": false,
        "line_number": 79
      },
      {
        "type": "Secret Keyword",
        "filename": "tests\\e2e\\test_text_ingestion_restart.py",
        "hashed_secret": "3d6f98c95be96c23e439732c4c0c7dd7f8ef213c",
        "is_verified": false,
        "line_number": 80
      }
    ],
    "tests\\integration\\config\\test_advertisement_configuration_loading.py": [
      {
        "type": "Hex High Entropy String",
        "filename": "tests\\integration\\config\\test_advertisement_configuration_loading.py",
        "hashed_secret": "b1775a785f09a6ebaf2dc33d6eaeb98974d9cdb8",
        "is_verified": false,
        "line_number": 27
      },
      {
        "type": "Secret Keyword",
        "filename": "tests\\integration\\config\\test_advertisement_configuration_loading.py",
        "hashed_secret": "c4dad4a67b06031d61efe4227d6dc2a702c739e6",
        "is_verified": false,
        "line_number": 31
      },
      {
        "type": "Secret Keyword",
        "filename": "tests\\integration\\config\\test_advertisement_configuration_loading.py",
        "hashed_secret": "00e742fe0cba440256b8de942577ec8c0d946518",
        "is_verified": false,
        "line_number": 32
      }
    ],
    "tests\\integration\\infrastructure\\ai\\test_first_provider_adapter.py": [
      {
        "type": "Secret Keyword",
        "filename": "tests\\integration\\infrastructure\\ai\\test_first_provider_adapter.py",
        "hashed_secret": "9139236dfe89960fee34d53b6089795fe376682e",
        "is_verified": false,
        "line_number": 219
      }
    ],
    "tests\\integration\\infrastructure\\ai\\test_second_provider_adapter.py": [
      {
        "type": "Secret Keyword",
        "filename": "tests\\integration\\infrastructure\\ai\\test_second_provider_adapter.py",
        "hashed_secret": "1e1fdbce15bdacdb211311cd3e98cd7750653789",
        "is_verified": false,
        "line_number": 183
      },
      {
        "type": "Secret Keyword",
        "filename": "tests\\integration\\infrastructure\\ai\\test_second_provider_adapter.py",
        "hashed_secret": "a62f2225bf70bfaccbc7f1ef2a397836717377de",
        "is_verified": false,
        "line_number": 320
      },
      {
        "type": "Secret Keyword",
        "filename": "tests\\integration\\infrastructure\\ai\\test_second_provider_adapter.py",
        "hashed_secret": "4b6a0ca53c4979b345445cd962950ae12c9e5cce",
        "is_verified": false,
        "line_number": 497
      },
      {
        "type": "Secret Keyword",
        "filename": "tests\\integration\\infrastructure\\ai\\test_second_provider_adapter.py",
        "hashed_secret": "926c6fb1c7b27f9fbb677e06e2bfe08e0366f646",
        "is_verified": false,
        "line_number": 587
      },
      {
        "type": "Secret Keyword",
        "filename": "tests\\integration\\infrastructure\\ai\\test_second_provider_adapter.py",
        "hashed_secret": "bb0900b4316b840674b79c5c059ea444c853a1c8",
        "is_verified": false,
        "line_number": 590
      }
    ],
    "docs\\DECISIONS.md": [
      {
        "type": "Secret Keyword",
        "filename": "docs\\DECISIONS.md",
        "hashed_secret": "a4b212f2591111d382f978322840b32479947fe9",
        "is_verified": false,
        "line_number": 387
      },
      {
        "type": "Secret Keyword",
        "filename": "docs\\DECISIONS.md",
        "hashed_secret": "9c1d1337ea1502d8ee93a93361859953090a9f88",
        "is_verified": false,
        "line_number": 407
      }
    ],
    "tests\\integration\\infrastructure\\persistence\\test_mongodb_post_repository.py": [
      {
        "type": "Secret Keyword",
        "filename": "tests\\integration\\infrastructure\\persistence\\test_mongodb_post_repository.py",
        "hashed_secret": "385fcd6760f6432fcdc51c5f995ea61a31d5bbab",
        "is_verified": false,
        "line_number": 531
      }
    ],
    "tests\\integration\\test_runtime_media_ingestion.py": [
      {
        "type": "Secret Keyword",
        "filename": "tests\\integration\\test_runtime_media_ingestion.py",
        "hashed_secret": "a2bfe0c46d75f9c297a3d591eaf3d3d71a96182b",
        "is_verified": false,
        "line_number": 307
      },
      {
        "type": "Secret Keyword",
        "filename": "tests\\integration\\test_runtime_media_ingestion.py",
        "hashed_secret": "ac5864368fa4fcc153a0686cefcd82988b9cd509",
        "is_verified": false,
        "line_number": 308
      }
    ],
    "tests\\unit\\config\\test_advertisement_configuration.py": [
      {
        "type": "Basic Auth Credentials",
        "filename": "tests\\unit\\config\\test_advertisement_configuration.py",
        "hashed_secret": "9d4e1e23bd5b727046a9e3b4b7db57bd8d6ee684",
        "is_verified": false,
        "line_number": 174
      }
    ],
    "tests\\unit\\deployment\\test_installers.py": [
      {
        "type": "Private Key",
        "filename": "tests\\unit\\deployment\\test_installers.py",
        "hashed_secret": "1348b145fa1a555461c1b790a2f66614781091e9",
        "is_verified": false,
        "line_number": 60
      }
    ],
    "tests\\unit\\infrastructure\\ai\\test_second_provider_mapping.py": [
      {
        "type": "Basic Auth Credentials",
        "filename": "tests\\unit\\infrastructure\\ai\\test_second_provider_mapping.py",
        "hashed_secret": "5baa61e4c9b93f3f0682250b6cf8331b7ee68fd8",
        "is_verified": false,
        "line_number": 41
      },
      {
        "type": "Secret Keyword",
        "filename": "tests\\unit\\infrastructure\\ai\\test_second_provider_mapping.py",
        "hashed_secret": "419f7a4b40010012efcfbad3e9cec3b5628e40ac",
        "is_verified": false,
        "line_number": 131
      }
    ],
    "tests\\unit\\presentation\\bot\\test_bot_boundary.py": [
      {
        "type": "Hex High Entropy String",
        "filename": "tests\\unit\\presentation\\bot\\test_bot_boundary.py",
        "hashed_secret": "0c7361f03fa61e1eb69ee1af39f50319b41bcda1",
        "is_verified": false,
        "line_number": 579
      }
    ],
    "tests\\unit\\shared\\config\\test_validation.py": [
      {
        "type": "Basic Auth Credentials",
        "filename": "tests\\unit\\shared\\config\\test_validation.py",
        "hashed_secret": "5baa61e4c9b93f3f0682250b6cf8331b7ee68fd8",
        "is_verified": false,
        "line_number": 1296
      }
    ],
    "tests\\unit\\test_bootstrap.py": [
      {
        "type": "Secret Keyword",
        "filename": "tests\\unit\\test_bootstrap.py",
        "hashed_secret": "6d799316592b2c5670c1aecf7ae284fc4647b32b",
        "is_verified": false,
        "line_number": 79
      },
      {
        "type": "Secret Keyword",
        "filename": "tests\\unit\\test_bootstrap.py",
        "hashed_secret": "fd8a02f93b8c0d7a2483906908fd833b8627d3d8",
        "is_verified": false,
        "line_number": 389
      },
      {
        "type": "Secret Keyword",
        "filename": "tests\\unit\\test_bootstrap.py",
        "hashed_secret": "385fcd6760f6432fcdc51c5f995ea61a31d5bbab",
        "is_verified": false,
        "line_number": 774
      }
    ],
    "tests\\unit\\test_text_ingestion_bootstrap.py": [
      {
        "type": "Secret Keyword",
        "filename": "tests\\unit\\test_text_ingestion_bootstrap.py",
        "hashed_secret": "f914ab8bcf6fe9b3481b455157f1e80c3adf1ae7",
        "is_verified": false,
        "line_number": 267
      },
      {
        "type": "Secret Keyword",
        "filename": "tests\\unit\\test_text_ingestion_bootstrap.py",
        "hashed_secret": "3d6f98c95be96c23e439732c4c0c7dd7f8ef213c",
        "is_verified": false,
        "line_number": 268
      }
    ]
  },
  "generated_at": "2026-07-27T05:44:49Z"
}
